// Vitest Snapshot v1, https://vitest.dev/guide/snapshot.html

exports[`Readme > should match snapshot 1`] = `
"# Readme as Code

## Table of Contents

- [Installation](#installation)
- [Environment Variables](#environment-variables)
- [Run Locally](#run-locally)
- [Roadmap](#roadmap)
- [API Reference](#api-reference)
- [Examples](#examples)
- [FAQ](#faq)
- [Support](#support)
- [Appendix](#appendix)
- [Authors](#authors)
- [Acknowledgements](#acknowledgements)
- [Contributing](#contributing)

## Installation

Install using npm

\`\`\`bash
npm i readme-as-code
\`\`\`

## Environment Variables

To run this project, you will need to add the following environment variables to your .env file

\`\`\`bash
API_KEY=YOUR-API-KEY-HERE
\`\`\`

## Run Locally

- Run the tests

\`\`\`bash
npm t
\`\`\`

## Roadmap

- Item 1

## API Reference

#### Get all items

\`\`\`http
GET /api/items
\`\`\`

| Parameter | Type     | Description                |
| :-------- | :------- | :------------------------- |
|api_key | string | **Required**. Your API key|

## Examples

### Initialize the library

When creating the Readme instance the project name and description must be supplied

\`\`\`typescript
const readme = new Readme({
  name: 'Example Project',
  description: 'Define and maintain your README.md through code.',
});
\`\`\`

### Add installation instructions

\`\`\`typescript
const readme = new Readme({
  name: 'Example Project',
  description: 'Define and maintain your README.md through code.',
});

readme.installation((step) => {
  step.add({
    description: 'Install using npm',
    command: 'npm i readme-as-code',
  });
})
\`\`\`


## FAQ

#### Question 1

Answer 1

## Support

Test content

## Appendix

Some content

## Authors

- [@AllyMurray](https://www.github.com/AllyMurray)

## Acknowledgements

- [GitHub](https://github.com)

## Contributing

Contributions are always welcome!

See \`contributing.md\` for ways to get started.

Please adhere to this project's \`code of conduct\`.

Some additional markdown content"
`;

exports[`Readme > should write a document to disk 1`] = `
"# Test

## Table of Contents
"
`;
